
> site-dgurgel@0.0.1 build
> vite build

[36mvite v7.3.1 [32mbuilding ssr environment for production...[36m[39m
transforming...
00:09:51 [vite-plugin-svelte] src/lib/components/Footer.svelte:167:20 '#' is not a valid href attribute
https://svelte.dev/e/a11y_invalid_attribute
165:             <div class="flex gap-4">
166:                 <a
167:                     href="#"
                                 ^
168:                     class="text-xs text-secondary-dark hover:text-primary transition-colors"
169:                     >Aviso de Privacidade</a
[32m✓[39m 114 modules transformed.
[31m✗[39m Build failed in 805ms
[31merror during build:
[31m[vite:css] [postcss] It looks like you're trying to use `tailwindcss` directly as a PostCSS plugin. The PostCSS plugin has moved to a separate package, so to continue using Tailwind CSS with PostCSS you'll need to install `@tailwindcss/postcss` and update your PostCSS configuration.[31m
file: [36mC:/Users/bcari/OneDrive/Desktop/Projetos/site_danielle_gurgel/site_dgurgel/src/app.css:undefined:NaN[31m
    at at (C:\Users\bcari\OneDrive\Desktop\Projetos\site_danielle_gurgel\site_dgurgel\node_modules\tailwindcss\dist\lib.js:38:1643)
    at LazyResult.runOnRoot (C:\Users\bcari\OneDrive\Desktop\Projetos\site_danielle_gurgel\site_dgurgel\node_modules\postcss\lib\lazy-result.js:361:16)
    at LazyResult.runAsync (C:\Users\bcari\OneDrive\Desktop\Projetos\site_danielle_gurgel\site_dgurgel\node_modules\postcss\lib\lazy-result.js:290:26)
    at LazyResult.async (C:\Users\bcari\OneDrive\Desktop\Projetos\site_danielle_gurgel\site_dgurgel\node_modules\postcss\lib\lazy-result.js:192:30)
    at LazyResult.then (C:\Users\bcari\OneDrive\Desktop\Projetos\site_danielle_gurgel\site_dgurgel\node_modules\postcss\lib\lazy-result.js:436:17)[39m
